
> xevera-civic-platform@1.0.0 build
> vite build

[36mvite v6.4.3 [32mbuilding for production...[36m[39m
transforming...
[32mΓ£ô[39m 25 modules transformed.
Γ£ù Build failed in 655ms
error during build:
[vite:esbuild] Transform failed with 1 error:
D:/GAMES/backup/Prototpye 4/frontend/src/pages/auth/LoginPage.jsx:249:20: ERROR: Unterminated regular expression
file: D:/GAMES/backup/Prototpye 4/frontend/src/pages/auth/LoginPage.jsx:249:20

Unterminated regular expression
247|                    </form>
248|                  </div>
249|                </div>
   |                      ^
250|              )}
251|                      {error && <div className="mt-3 px-3 py-2.5 rounded-[8px] text-[12px] leading-relaxed border text-[#991B1B] bg-[#FEF2F2] border-[#FECACA]">{error}</div>}

    at failureErrorWithLog (D:\GAMES\backup\Prototpye 4\frontend\node_modules\esbuild\lib\main.js:1467:15)
    at D:\GAMES\backup\Prototpye 4\frontend\node_modules\esbuild\lib\main.js:736:50
    at responseCallbacks.<computed> (D:\GAMES\backup\Prototpye 4\frontend\node_modules\esbuild\lib\main.js:603:9)
    at handleIncomingPacket (D:\GAMES\backup\Prototpye 4\frontend\node_modules\esbuild\lib\main.js:658:12)
    at Socket.readFromStdout (D:\GAMES\backup\Prototpye 4\frontend\node_modules\esbuild\lib\main.js:581:7)
    at Socket.emit (node:events:508:28)
    at addChunk (node:internal/streams/readable:559:12)
    at readableAddChunkPushByteMode (node:internal/streams/readable:510:3)
    at Readable.push (node:internal/streams/readable:390:5)
    at Pipe.onStreamRead (node:internal/stream_base_commons:189:23)
